C:\Users\USER\Documents\videolib1\videouploadbackend\src\main\java\com\shibam\videolibrarybackend\service\FileService.java
C:\Users\USER\Documents\videolib1\videouploadbackend\src\main\java\com\shibam\videolibrarybackend\exception\ResourceNotFoundException.java
C:\Users\USER\Documents\videolib1\videouploadbackend\src\main\java\com\shibam\videolibrarybackend\entity\VideoEntity.java
C:\Users\USER\Documents\videolib1\videouploadbackend\src\main\java\com\shibam\videolibrarybackend\dtos\FileModel.java
C:\Users\USER\Documents\videolib1\videouploadbackend\src\main\java\com\shibam\videolibrarybackend\controller\VideoController.java
C:\Users\USER\Documents\videolib1\videouploadbackend\src\main\java\com\shibam\videolibrarybackend\Videolibrarybackend1Application.java
C:\Users\USER\Documents\videolib1\videouploadbackend\src\main\java\com\shibam\videolibrarybackend\repository\VideoRepository.java
C:\Users\USER\Documents\videolib1\videouploadbackend\src\main\java\com\shibam\videolibrarybackend\service\VideoService.java
C:\Users\USER\Documents\videolib1\videouploadbackend\src\main\java\com\shibam\videolibrarybackend\service\FileServiceImplementation.java
C:\Users\USER\Documents\videolib1\videouploadbackend\src\main\java\com\shibam\videolibrarybackend\service\VideoServiceImpl.java
